[apps.store.aptoide.com/app/market/br.com.calculoimc.app/15/3480360/Cálculo IMC.html]
[backblue.gif]
[fade.gif]
[index.html]
[cdn1.aptoide.com/includes/themes/default/images/logotipo.png]
[cdn1.aptoide.com/includes/themes/default/favicon.ico]
[www.aptoide.com/feed/apps.html]
[cdn1.aptoide.com/includes/themes/default/css/style23f29.css]
[cdn1.aptoide.com/includes/js/fancybox/jquery.fancybox-1.3.43f29.css]
[cdn1.aptoide.com/includes/js/jquery.colorcf83.js]
[cdn1.aptoide.com/includes/js/jquery.ajaxq-0.0.1cf83.js]
[cdn1.aptoide.com/includes/themes/default/css/style3f29.css]
[cdn1.aptoide.com/includes/js/jquery-1.7.1.mincf83.js]
[cdn1.aptoide.com/includes/js/bazaar.repo_viewcf83.js]
[cdn1.aptoide.com/includes/js/jquery.jcarousellite_1.0.1.mincf83.js]
[cdn1.aptoide.com/includes/js/bazaar.AJAXcf83.js]
[cdn1.aptoide.com/includes/js/fancybox/jquery.fancybox-1.3.4.packcf83.js]
[cdn1.aptoide.com/includes/js/fancybox/jquery.mousewheel-3.0.4.packcf83.js]
[cdn1.aptoide.com/includes/js/bazaar.socialcf83.js]
[cdn1.aptoide.com/includes/js/bazaar.add.readmorecf83.js]
[cdn1.aptoide.com/includes/js/aptoide.apk.flagscf83.js]
[cdn1.aptoide.com/includes/themes/default/images/twitter-follow_me-a-clear.png]
[cdn1.aptoide.com/imgs/2/f/0/2f0199181015dfbd3e9e531c242b0a74.png]
[cdn1.aptoide.com/includes/themes/default/images/botao_install.png]
[cdn1.aptoide.com/includes/themes/default/images/aptoide_new_install.png]
[cdn1.aptoide.com/includes/themes/default/images/apk-qrcode.png]
[cdn1.aptoide.com/includes/themes/default/images/aptoide-01.png]
[cdn1.aptoide.com/includes/themes/default/images/aptoide-02.png]
[cdn1.aptoide.com/includes/themes/default/images/mobile_page.png]
[apps.store.aptoide.com/images/app_qrcodes/apps/80ec3cd0332f1e01510753cf6b23f258.png]
[cdn1.aptoide.com/imgs/2/d/1/2d16b44b8b40213afe100e42f80a1073.png]
[cdn1.aptoide.com/imgs/2/d/1/2d16b44b8b40213afe100e42f80a1073_140x233.png]
[cdn1.aptoide.com/imgs/a/b/1/ab18a579cc2896958713801697a75177.png]
[cdn1.aptoide.com/imgs/a/b/1/ab18a579cc2896958713801697a75177_140x233.png]
[cdn1.aptoide.com/imgs/c/3/8/c38a8ea5c777cc145ae7c911393437df.png]
[cdn1.aptoide.com/imgs/c/3/8/c38a8ea5c777cc145ae7c911393437df_140x233.png]
[cdn1.aptoide.com/imgs/9/7/d/97d974040018439e27cf9f6685c63b35.png]
[cdn1.aptoide.com/imgs/9/7/d/97d974040018439e27cf9f6685c63b35_140x233.png]
[cdn1.aptoide.com/imgs/2/6/9/269002c9d7ac31882af14953778eb48b.png]
[cdn1.aptoide.com/imgs/2/6/9/269002c9d7ac31882af14953778eb48b_140x233.png]
[cdn1.aptoide.com/includes/themes/default/images/good.png]
[cdn1.aptoide.com/includes/themes/default/images/license.png]
[cdn1.aptoide.com/includes/themes/default/images/fake.png]
[cdn1.aptoide.com/includes/themes/default/images/freeze.png]
[cdn1.aptoide.com/includes/themes/default/images/virus.png]
[cdn1.aptoide.com/includes/themes/default/images/logo-certified-virus-free.png]
[cdn1.aptoide.com/includes/themes/default/images/Facebook-icon.png]
[cdn1.aptoide.com/includes/themes/default/images/Twitter-icon.png]
[apps.store.aptoide.com/app/market/br.com.calculoimc.app/15/3480360/Cálculo IMC.html]
[www.aptoide.com/feed/apps.html]
[cdn1.aptoide.com/includes/themes/default/images/twitter-follow_me-a-clear.png]
[cdn1.aptoide.com/imgs/2/f/0/2f0199181015dfbd3e9e531c242b0a74.png]
[cdn1.aptoide.com/includes/themes/default/images/botao_install.png]
[cdn1.aptoide.com/includes/themes/default/images/aptoide_new_install.png]
[cdn1.aptoide.com/includes/themes/default/images/button1.png]
[cdn1.aptoide.com/includes/themes/default/images/apk-qrcode.png]
[cdn1.aptoide.com/includes/themes/default/images/button1_hover.png]
[cdn1.aptoide.com/includes/themes/default/images/aptoide-01.png]
[cdn1.aptoide.com/includes/themes/default/images/button2.png]
[cdn1.aptoide.com/includes/themes/default/images/button2_hover.png]
[cdn1.aptoide.com/includes/themes/default/images/button3.png]
[cdn1.aptoide.com/includes/themes/default/images/button3_hover.png]
[cdn1.aptoide.com/includes/themes/default/images/aptoide-02.png]
[cdn1.aptoide.com/includes/themes/default/images/fundo.png]
[cdn1.aptoide.com/includes/themes/default/images/mobile_page.png]
[cdn1.aptoide.com/includes/themes/default/images/efeito_cima.png]
[cdn1.aptoide.com/includes/themes/default/images/pesquisa.png]
[cdn1.aptoide.com/includes/themes/default/images/pesquisa_submit.png]
[cdn1.aptoide.com/includes/themes/default/images/menu1.png]
[cdn1.aptoide.com/includes/themes/default/images/menu3.png]
[cdn1.aptoide.com/includes/themes/default/images/menu2.png]
[apps.store.aptoide.com/images/app_qrcodes/apps/80ec3cd0332f1e01510753cf6b23f258.png]
[cdn1.aptoide.com/includes/themes/default/images/menu_superior_over.jpg]
[cdn1.aptoide.com/includes/themes/default/images/menu_admin_gray.png]
[cdn1.aptoide.com/includes/themes/default/images/menu_admin2_gray.png]
[cdn1.aptoide.com/imgs/2/d/1/2d16b44b8b40213afe100e42f80a1073.png]
[cdn1.aptoide.com/includes/themes/default/images/menu_admin_gray2.png]
[cdn1.aptoide.com/includes/themes/default/images/um.png]
[cdn1.aptoide.com/includes/themes/default/images/dois.png]
[cdn1.aptoide.com/includes/themes/default/images/tres.png]
[cdn1.aptoide.com/includes/themes/default/images/caixa_cinzenta_topo.png]
[cdn1.aptoide.com/includes/themes/default/images/caixa_cinzenta_background.png]
[cdn1.aptoide.com/includes/themes/default/images/caixa_cinzenta_rodape.png]
[cdn1.aptoide.com/imgs/2/d/1/2d16b44b8b40213afe100e42f80a1073_140x233.png]
[cdn1.aptoide.com/includes/themes/default/images/tabela_1_topo.png]
[cdn1.aptoide.com/includes/themes/default/images/tabela_1_meio.jpg]
[cdn1.aptoide.com/includes/themes/default/images/tabela_1_baixo.png]
[cdn1.aptoide.com/includes/themes/default/images/tabela_search_topo.png]
[cdn1.aptoide.com/includes/themes/default/images/tabela_search_meio.jpg]
[cdn1.aptoide.com/includes/themes/default/images/tabela_more_topo.png]
[cdn1.aptoide.com/includes/themes/default/images/tabela_more_meio.jpg]
[cdn1.aptoide.com/includes/themes/default/images/tabela_1_topo2.png]
[cdn1.aptoide.com/includes/themes/default/images/tabela_1_horiz_topo.png]
[cdn1.aptoide.com/includes/themes/default/images/tabela_1_horiz_meio.png]
[cdn1.aptoide.com/includes/themes/default/images/tabela_1_horiz_baixo.png]
[cdn1.aptoide.com/imgs/a/b/1/ab18a579cc2896958713801697a75177_140x233.png]
[cdn1.aptoide.com/includes/themes/default/images/tabela_search_baixo.png]
[cdn1.aptoide.com/includes/themes/default/images/tabela_more_baixo.png]
[cdn1.aptoide.com/includes/themes/default/images/tabela_1_baixo2.png]
[cdn1.aptoide.com/includes/themes/default/images/upload.png]
[cdn1.aptoide.com/includes/themes/default/images/upload_mouseover.png]
[cdn1.aptoide.com/includes/themes/default/images/uploaddrop.png]
[cdn1.aptoide.com/includes/themes/default/images/uploaddrop_mouseover.png]
[cdn1.aptoide.com/imgs/c/3/8/c38a8ea5c777cc145ae7c911393437df_140x233.png]
[cdn1.aptoide.com/includes/themes/default/images/customize_repo.png]
[cdn1.aptoide.com/includes/themes/default/images/twitter-follow_me-a.png]
[cdn1.aptoide.com/includes/themes/default/images/twitter-follow_me-a-mouseover.png]
[cdn1.aptoide.com/includes/themes/default/images/like.png]
[cdn1.aptoide.com/includes/themes/default/images/dislike.png]
[cdn1.aptoide.com/includes/themes/default/images/quote_top.png]
[cdn1.aptoide.com/includes/themes/default/images/quote_bottom.png]
[cdn1.aptoide.com/includes/themes/default/images/titulo_azul.png]
[cdn1.aptoide.com/includes/themes/default/images/titulo_laranja.png]
[cdn1.aptoide.com/includes/themes/default/images/tabela_grande_topo2.png]
[cdn1.aptoide.com/includes/themes/default/images/tabela_grande_background.png]
[cdn1.aptoide.com/includes/themes/default/images/tabela_grande_rodape.png]
[cdn1.aptoide.com/includes/themes/default/images/tabela_full_topo.png]
[cdn1.aptoide.com/includes/themes/default/images/tabela_full_topo3.png]
[cdn1.aptoide.com/includes/themes/default/images/tabela_full_background.png]
[cdn1.aptoide.com/includes/themes/default/images/tabela_full_rodape.png]
[cdn1.aptoide.com/includes/themes/default/images/add.png]
[cdn1.aptoide.com/includes/themes/default/images/add_disabled.png]
[cdn1.aptoide.com/includes/themes/default/images/rem.png]
[cdn1.aptoide.com/includes/themes/default/images/rem_disabled.png]
[cdn1.aptoide.com/includes/themes/default/images/botao_like.png]
[cdn1.aptoide.com/includes/themes/default/images/botao_dontlike.png]
[cdn1.aptoide.com/includes/themes/default/images/barra_bottom.png]
[cdn1.aptoide.com/includes/themes/default/images/applicationrequests.png]
[cdn1.aptoide.com/includes/themes/default/images/applicationrequests_mouseover.png]
[cdn1.aptoide.com/includes/themes/default/images/wizard-steps.png]
[cdn1.aptoide.com/includes/themes/default/images/icon_bin.png]
[cdn1.aptoide.com/includes/themes/default/images/icon_distro.png]
[cdn1.aptoide.com/includes/themes/default/images/icon_stats.png]
[cdn1.aptoide.com/includes/themes/default/images/icon_euro.png]
[cdn1.aptoide.com/includes/themes/default/images/icon_options.png]
[cdn1.aptoide.com/includes/themes/default/images/icon_expand.png]
[cdn1.aptoide.com/includes/themes/default/images/icon_help.png]
[cdn1.aptoide.com/includes/themes/default/css/style3f29.css]
[cdn1.aptoide.com/includes/themes/default/images/tlm_screen.png]
[cdn1.aptoide.com/includes/themes/default/css/style23f29.css]
[cdn1.aptoide.com/includes/js/fancybox/fancybox.png]
[cdn1.aptoide.com/imgs/9/7/d/97d974040018439e27cf9f6685c63b35_140x233.png]
[cdn1.aptoide.com/imgs/2/6/9/269002c9d7ac31882af14953778eb48b.png]
[cdn1.aptoide.com/includes/themes/default/images/good.png]
[cdn1.aptoide.com/imgs/2/6/9/269002c9d7ac31882af14953778eb48b_140x233.png]
[cdn1.aptoide.com/includes/js/fancybox/blank.7d.delayed]
[cdn1.aptoide.com/includes/themes/default/images/fake.png]
[cdn1.aptoide.com/includes/themes/default/images/license.png]
[cdn1.aptoide.com/includes/themes/default/images/freeze.png]
[cdn1.aptoide.com/includes/js/fancybox/fancybox-y.png]
[cdn1.aptoide.com/includes/themes/default/images/virus.png]
[cdn1.aptoide.com/includes/js/fancybox/fancy_title_over.png]
[cdn1.aptoide.com/includes/js/fancybox/jquery.fancybox-1.3.43f29.css]
[cdn1.aptoide.com/includes/js/jquery-1.7.1.mincf83.js]
[cdn1.aptoide.com/includes/themes/default/images/Facebook-icon.png]
[cdn1.aptoide.com/includes/js/jquery.colorcf83.js]
[cdn1.aptoide.com/includes/js/jquery.ajaxq-0.0.1cf83.js]
[cdn1.aptoide.com/includes/js/bazaar.profilercf83.js]
[cdn1.aptoide.com/includes/themes/default/images/Twitter-icon.png]
[cdn1.aptoide.com/includes/js/bazaar.localecf83.js]
[cdn1.aptoide.com/includes/themes/default/images/button2.png]
[cdn1.aptoide.com/includes/js/bazaar.apk_list_permissionscf83.js]
[cdn1.aptoide.com/includes/themes/default/images/button1.png]
[cdn1.aptoide.com/includes/themes/default/images/button1_hover.png]
[cdn1.aptoide.com/includes/themes/default/images/button2_hover.png]
[cdn1.aptoide.com/includes/js/bazaar.repo_viewcf83.js]
[cdn1.aptoide.com/includes/themes/default/images/button3_hover.png]
[cdn1.aptoide.com/includes/themes/default/images/fundo.png]
[apps.store.aptoide.com/app/market/br.com.calculoimc.app/15/3480360/expressInstall.html]
[cdn1.aptoide.com/includes/themes/default/images/efeito_cima.png]
[cdn1.aptoide.com/includes/themes/default/images/pesquisa_submit.png]
[cdn1.aptoide.com/includes/js/bazaar.AJAXcf83.js]
[cdn1.aptoide.com/includes/js/jquery.jcarousellite_1.0.1.mincf83.js]
[cdn1.aptoide.com/includes/js/fancybox/jquery.fancybox-1.3.4.packcf83.js]
[cdn1.aptoide.com/includes/themes/default/images/pesquisa.png]
[cdn1.aptoide.com/includes/js/fancybox/jquery.mousewheel-3.0.4.packcf83.js]
[cdn1.aptoide.com/includes/themes/default/images/menu1.png]
[cdn1.aptoide.com/includes/themes/default/images/menu3.png]
[cdn1.aptoide.com/includes/themes/default/images/menu2.png]
[cdn1.aptoide.com/includes/themes/default/images/menu_superior_over.jpg]
[cdn1.aptoide.com/includes/themes/default/images/menu_admin_gray.png]
[connect.facebook.net/en_US/all.js]
[cdn1.aptoide.com/includes/themes/default/images/menu_admin2_gray.png]
[cdn1.aptoide.com/includes/themes/default/images/menu_admin_gray2.png]
[cdn1.aptoide.com/includes/themes/default/images/um.png]
[cdn1.aptoide.com/includes/themes/default/images/dois.png]
[apis.google.com/js/plusone.js]
[platform.twitter.com/widgets.js]
[cdn1.aptoide.com/includes/js/bazaar.socialcf83.js]
[cdn1.aptoide.com/includes/js/bazaar.add.readmorecf83.js]
[cdn1.aptoide.com/includes/themes/default/images/caixa_cinzenta_topo.png]
[cdn1.aptoide.com/includes/js/aptoide.apk.flagscf83.js]
[cdn1.aptoide.com/includes/themes/default/images/tres.png]
[cdn1.aptoide.com/includes/themes/default/images/topfade.html]
[cdn1.aptoide.com/includes/themes/default/images/botao_like.png]
[cdn1.aptoide.com/includes/js/fancybox/fancybox-y.png]
[cdn1.aptoide.com/includes/js/fancybox/fancybox/fancy_close.html]
[cdn1.aptoide.com/includes/js/fancybox/fancybox/fancy_nav_left.html]
[cdn1.aptoide.com/includes/js/fancybox/fancybox/fancy_nav_right.html]
[cdn1.aptoide.com/includes/js/fancybox/fancybox/fancy_title_over.html]
[cdn1.aptoide.com/includes/js/fancybox/fancybox/fancy_title_left.html]
[cdn1.aptoide.com/includes/js/fancybox/fancybox/fancy_title_main.html]
[cdn1.aptoide.com/includes/js/fancybox/fancybox/fancy_title_right.html]
[cdn1.aptoide.com/includes/js/fancybox/fancybox/fancy_loading.html]
[cdn1.aptoide.com/includes/js/fancybox/fancybox/fancy_shadow_n.html]
[cdn1.aptoide.com/includes/js/fancybox/fancybox/fancy_shadow_ne.html]
[cdn1.aptoide.com/includes/js/fancybox/fancybox/fancy_shadow_e.html]
[cdn1.aptoide.com/includes/js/fancybox/fancybox/fancy_shadow_se.html]
[cdn1.aptoide.com/includes/js/fancybox/fancybox/fancy_shadow_s.html]
[cdn1.aptoide.com/includes/js/fancybox/fancybox/fancy_shadow_sw.html]
[cdn1.aptoide.com/includes/js/fancybox/fancybox/fancy_shadow_w.html]
[cdn1.aptoide.com/includes/js/fancybox/fancybox/fancy_shadow_nw.html]
[apps.store.aptoide.com/app/market/br.com.calculoimc.app/15/3480360/expressInstall.html]
[connect.facebook.net/en_US/all.js]
[cdn1.aptoide.com/includes/js/fancybox/fancybox-x.png]
[cdn1.aptoide.com/includes/js/fancybox/fancybox-x.png]
